// Bun Snapshot v1, https://goo.gl/fbAQLP

exports[`Box file 1`] = `
{
  "accessors": [
    {
      "bufferView": 0,
      "byteOffset": 0,
      "componentType": 5123,
      "count": 36,
      "max": [
        23,
      ],
      "min": [
        0,
      ],
      "type": "SCALAR",
    },
    {
      "bufferView": 1,
      "byteOffset": 0,
      "componentType": 5126,
      "count": 24,
      "max": [
        1,
        1,
        1,
      ],
      "min": [
        -1,
        -1,
        -1,
      ],
      "type": "VEC3",
    },
    {
      "bufferView": 1,
      "byteOffset": 288,
      "componentType": 5126,
      "count": 24,
      "max": [
        0.5,
        0.5,
        0.5,
      ],
      "min": [
        -0.5,
        -0.5,
        -0.5,
      ],
      "type": "VEC3",
    },
  ],
  "asset": {
    "generator": "COLLADA2GLTF",
    "version": "2.0",
  },
  "bufferViews": [
    {
      "buffer": 0,
      "byteLength": 72,
      "byteOffset": 576,
      "target": 34963,
    },
    {
      "buffer": 0,
      "byteLength": 576,
      "byteOffset": 0,
      "byteStride": 12,
      "target": 34962,
    },
  ],
  "buffers": [
    {
      "byteLength": 648,
    },
  ],
  "materials": [
    {
      "name": "Red",
      "pbrMetallicRoughness": {
        "baseColorFactor": [
          0.800000011920929,
          0,
          0,
          1,
        ],
        "metallicFactor": 0,
      },
    },
  ],
  "meshes": [
    {
      "name": "Mesh",
      "primitives": [
        {
          "attributes": {
            "NORMAL": 1,
            "POSITION": 2,
          },
          "indices": 0,
          "material": 0,
          "mode": 4,
        },
      ],
    },
  ],
  "nodes": [
    {
      "children": [
        1,
      ],
      "matrix": [
        1,
        0,
        0,
        0,
        0,
        0,
        -1,
        0,
        0,
        1,
        0,
        0,
        0,
        0,
        0,
        1,
      ],
    },
    {
      "mesh": 0,
    },
  ],
  "scene": 0,
  "scenes": [
    {
      "nodes": [
        0,
      ],
    },
  ],
}
`;
